
> mentoria-sanity-studio@1.0.0 build
> next build

Γû▓ Next.js 16.1.6 (Turbopack)
- Environments: .env.local

  Creating an optimized production build ...
Γ£ô Compiled successfully in 3.4s
  Running TypeScript ...
  Collecting page data using 21 workers ...
  Generating static pages using 21 workers (0/10) ...
  Generating static pages using 21 workers (2/10) 
  Generating static pages using 21 workers (4/10) 
  Generating static pages using 21 workers (7/10) 
Γ£ô Generating static pages using 21 workers (10/10) in 626.7ms
  Finalizing page optimization ...

Route (app)
Γöî Γùï /
Γö£ Γùï /_not-found
Γö£ Γùï /about
Γö£ Γùï /contact
Γö£ Γùï /mentoria
Γö£ Γùï /methodology
Γö£ Γùï /pricing
Γö£ Γùï /services
Γöö Γùï /testimonials


Γùï  (Static)  prerendered as static content

